{"level":"info","message":"Hello distributed log files!"}
{"level":"info","message":"Hello again distributed logs"}
{"level":"info","message":"Hello distributed log files!"}
{"level":"info","message":"Hello again distributed logs"}
{"level":"error","message":"testLog ad is not defined","stack":"ReferenceError: ad is not defined\n    at AppController.testLog (/home/uannguyen/Documents/nest-project/dist/main.js:827:33)\n    at /home/uannguyen/Documents/nest-project/node_modules/@nestjs/core/router/router-execution-context.js:38:29\n    at InterceptorsConsumer.intercept (/home/uannguyen/Documents/nest-project/node_modules/@nestjs/core/interceptors/interceptors-consumer.js:11:20)\n    at /home/uannguyen/Documents/nest-project/node_modules/@nestjs/core/router/router-execution-context.js:46:60\n    at /home/uannguyen/Documents/nest-project/node_modules/@nestjs/core/router/router-proxy.js:9:23\n    at Layer.handle [as handle_request] (/home/uannguyen/Documents/nest-project/node_modules/express/lib/router/layer.js:95:5)\n    at next (/home/uannguyen/Documents/nest-project/node_modules/express/lib/router/route.js:144:13)\n    at Route.dispatch (/home/uannguyen/Documents/nest-project/node_modules/express/lib/router/route.js:114:3)\n    at Layer.handle [as handle_request] (/home/uannguyen/Documents/nest-project/node_modules/express/lib/router/layer.js:95:5)\n    at /home/uannguyen/Documents/nest-project/node_modules/express/lib/router/index.js:284:15"}
